// Jest Snapshot v1, https://goo.gl/fbAQLP

exports[`BreadcrumbItem should render correctly 1`] = `
<div
  className="container"
>
  <div
    className="breadcrumb"
    data-test-id="breadcrumb-Test"
  >
    Test
  </div>
</div>
`;
